[0m14:50:19.426867 [debug] [MainThread]: Sending event: {'category': 'dbt', 'action': 'invocation', 'label': 'start', 'context': [<snowplow_tracker.self_describing_json.SelfDescribingJson object at 0x000001B8D6654CB0>, <snowplow_tracker.self_describing_json.SelfDescribingJson object at 0x000001B8D4544CE0>, <snowplow_tracker.self_describing_json.SelfDescribingJson object at 0x000001B8D6EE5B20>]}


============================== 14:50:19.426867 | 4914c637-0bd0-4aff-8c9a-16f685e55748 ==============================
[0m14:50:19.426867 [info ] [MainThread]: Running with dbt=1.12.2
[0m14:50:19.426867 [debug] [MainThread]: running dbt with arguments {'version_check': 'True', 'no_print': 'None', 'maximum_seed_size_mib': '1', 'warn_error_options': 'WarnErrorOptionsV2(error=[], warn=[], silence=[])', 'target_path': 'None', 'static_parser': 'True', 'printer_width': '80', 'write_json': 'True', 'introspect': 'True', 'log_cache_events': 'False', 'empty': 'None', 'cache_selected_only': 'False', 'fail_fast': 'False', 'debug': 'False', 'log_format': 'default', 'profiles_dir': 'C:\\Users\\Shree\\.dbt', 'send_anonymous_usage_stats': 'True', 'quiet': 'False', 'warn_error': 'None', 'partial_parse': 'True', 'indirect_selection': 'eager', 'hints_enabled': 'True', 'use_colors': 'True', 'use_experimental_parser': 'False', 'invocation_command': 'dbt init careflow_dbt', 'log_path': 'logs'}
[0m14:50:19.468883 [debug] [MainThread]: Starter project path: C:\Users\Shree\AppData\Local\Programs\Python\Python312\Lib\site-packages\dbt\include\starter_project
[0m14:50:19.499218 [info ] [MainThread]: Setting up your profile.
[0m14:51:48.727697 [info ] [MainThread]: Profile careflow_dbt written to C:\Users\Shree\.dbt\profiles.yml using target's profile_template.yml and your supplied values.
[0m14:51:48.743362 [info ] [MainThread]: Running dbt debug to validate the project...
[0m14:51:48.744430 [info ] [MainThread]: dbt version: 1.12.2
[0m14:51:48.744430 [info ] [MainThread]: python version: 3.12.10
[0m14:51:48.745926 [info ] [MainThread]: python path: C:\Users\Shree\AppData\Local\Programs\Python\Python312\python.exe
[0m14:51:48.746930 [info ] [MainThread]: os info: Windows-11-10.0.22621-SP0
[0m14:51:48.818541 [info ] [MainThread]: Using profiles dir at C:\Users\Shree\.dbt
[0m14:51:48.819091 [info ] [MainThread]: Using profiles.yml file at C:\Users\Shree\.dbt\profiles.yml
[0m14:51:48.819721 [info ] [MainThread]: Using dbt_project.yml file at C:\Users\Shree\OneDrive\Desktop\Infotact_18\CareFlow_final\careflow_dbt\dbt_project.yml
[0m14:51:48.820240 [info ] [MainThread]: adapter type: bigquery
[0m14:51:48.820240 [info ] [MainThread]: adapter version: 1.12.0
[0m14:51:48.921193 [info ] [MainThread]: Configuration:
[0m14:51:48.922118 [info ] [MainThread]:   profiles.yml file [[32mOK found and valid[0m]
[0m14:51:48.922734 [info ] [MainThread]:   dbt_project.yml file [[32mOK found and valid[0m]
[0m14:51:48.923242 [info ] [MainThread]: Required dependencies:
[0m14:51:48.923668 [debug] [MainThread]: Executing "git --help"
[0m14:51:48.964453 [debug] [MainThread]: STDOUT: "b"usage: git [-v | --version] [-h | --help] [-C <path>] [-c <name>=<value>]\n           [--exec-path[=<path>]] [--html-path] [--man-path] [--info-path]\n           [-p | --paginate | -P | --no-pager] [--no-replace-objects] [--no-lazy-fetch]\n           [--no-optional-locks] [--no-advice] [--bare] [--git-dir=<path>]\n           [--work-tree=<path>] [--namespace=<name>] [--config-env=<name>=<envvar>]\n           <command> [<args>]\n\nThese are common Git commands used in various situations:\n\nstart a working area (see also: git help tutorial)\n   clone      Clone a repository into a new directory\n   init       Create an empty Git repository or reinitialize an existing one\n\nwork on the current change (see also: git help everyday)\n   add        Add file contents to the index\n   mv         Move or rename a file, a directory, or a symlink\n   restore    Restore working tree files\n   rm         Remove files from the working tree and from the index\n\nexamine the history and state (see also: git help revisions)\n   bisect     Use binary search to find the commit that introduced a bug\n   diff       Show changes between commits, commit and working tree, etc\n   grep       Print lines matching a pattern\n   log        Show commit logs\n   show       Show various types of objects\n   status     Show the working tree status\n\ngrow, mark and tweak your common history\n   backfill   Download missing objects in a partial clone\n   branch     List, create, or delete branches\n   commit     Record changes to the repository\n   history    EXPERIMENTAL: Rewrite history\n   merge      Join two or more development histories together\n   rebase     Reapply commits on top of another base tip\n   reset      Set `HEAD` or the index to a known state\n   switch     Switch branches\n   tag        Create, list, delete or verify tags\n\ncollaborate (see also: git help workflows)\n   fetch      Download objects and refs from another repository\n   pull       Fetch from and integrate with another repository or a local branch\n   push       Update remote refs along with associated objects\n\n'git help -a' and 'git help -g' list available subcommands and some\nconcept guides. See 'git help <command>' or 'git help <concept>'\nto read about a specific subcommand or concept.\nSee 'git help git' for an overview of the system.\n""
[0m14:51:48.964453 [debug] [MainThread]: STDERR: "b''"
[0m14:51:48.964453 [info ] [MainThread]:  - git [[32mOK found[0m]

[0m14:51:48.964453 [info ] [MainThread]: Connection:
[0m14:51:48.964453 [info ] [MainThread]:   method: oauth
[0m14:51:48.964453 [info ] [MainThread]:   database: careflow-process-mining
[0m14:51:48.964453 [info ] [MainThread]:   execution_project: careflow-process-mining
[0m14:51:48.964453 [info ] [MainThread]:   schema: careflow_staging
[0m14:51:48.964453 [info ] [MainThread]:   location: US
[0m14:51:48.964453 [info ] [MainThread]:   priority: interactive
[0m14:51:48.964453 [info ] [MainThread]:   maximum_bytes_billed: None
[0m14:51:48.964453 [info ] [MainThread]:   reservation: None
[0m14:51:48.964453 [info ] [MainThread]:   impersonate_service_account: None
[0m14:51:48.964453 [info ] [MainThread]:   job_retry_deadline_seconds: None
[0m14:51:48.964453 [info ] [MainThread]:   job_retries: 1
[0m14:51:48.964453 [info ] [MainThread]:   job_creation_timeout_seconds: None
[0m14:51:48.964453 [info ] [MainThread]:   job_execution_timeout_seconds: 300
[0m14:51:48.964453 [info ] [MainThread]:   job_link_info_level_log: False
[0m14:51:48.964453 [info ] [MainThread]:   timeout_seconds: 300
[0m14:51:48.964453 [info ] [MainThread]:   client_id: None
[0m14:51:48.964453 [info ] [MainThread]:   token_uri: None
[0m14:51:48.964453 [info ] [MainThread]:   compute_region: None
[0m14:51:48.964453 [info ] [MainThread]:   dataproc_cluster_name: None
[0m14:51:48.964453 [info ] [MainThread]:   gcs_bucket: None
[0m14:51:48.964453 [info ] [MainThread]:   dataproc_batch: None
[0m14:51:48.978900 [info ] [MainThread]: Registered adapter: bigquery=1.12.0
[0m14:51:49.481275 [debug] [MainThread]: Acquiring new bigquery connection 'debug'
[0m14:51:49.481275 [debug] [MainThread]: On debug: select 1 as id
[0m14:51:49.481275 [debug] [MainThread]: Opening a new connection, currently in state init
[0m14:52:01.632415 [debug] [MainThread]: BigQuery adapter: Got an error when attempting to create a bigquery " "client: 'Runtime Error
  Failed to authenticate with supplied credentials
  error:
  Your default credentials were not found. To set up Application Default Credentials, see https://cloud.google.com/docs/authentication/external/set-up-adc for more information.'
[0m14:52:01.632415 [debug] [MainThread]: BigQuery adapter: Unhandled error while running:
select 1 as id
[0m14:52:01.632415 [debug] [MainThread]: BigQuery adapter: Database Error
  Runtime Error
    Failed to authenticate with supplied credentials
    error:
    Your default credentials were not found. To set up Application Default Credentials, see https://cloud.google.com/docs/authentication/external/set-up-adc for more information.
[0m14:52:01.632415 [info ] [MainThread]:   Connection test: [[31mERROR[0m]

[0m14:52:01.632415 [info ] [MainThread]: [31m1 check failed:[0m
[0m14:52:01.632415 [info ] [MainThread]: dbt was unable to connect to the specified database.
The database returned the following error:

  >'NoneType' object has no attribute 'close'

Check your database credentials and try again. For more information, visit:
https://docs.getdbt.com/docs/configure-your-profile


[0m14:52:01.632415 [info ] [MainThread]: Your new dbt project "careflow_dbt" was created!
Initialized new project in C:\Users\Shree\OneDrive\Desktop\Infotact_18\CareFlow_final\careflow_dbt\careflow_dbt

For more information on how to configure the profiles.yml file,
please consult the dbt documentation here:

  https://docs.getdbt.com/docs/configure-your-profile

One more thing:

Need help? Don't hesitate to reach out to us via GitHub issues or on Slack:

  https://community.getdbt.com/

Happy modeling!

[0m14:52:01.632415 [info ] [MainThread]: [31mYour profile may need adjustments. You can find the logs of `dbt debug` above[0m
[0m14:52:01.632415 [debug] [MainThread]: Command `dbt init` succeeded at 14:52:01.632415 after 102.43 seconds
[0m14:52:01.632415 [debug] [MainThread]: Sending event: {'category': 'dbt', 'action': 'invocation', 'label': 'end', 'context': [<snowplow_tracker.self_describing_json.SelfDescribingJson object at 0x000001B8D739CE00>, <snowplow_tracker.self_describing_json.SelfDescribingJson object at 0x000001B8E2432480>, <snowplow_tracker.self_describing_json.SelfDescribingJson object at 0x000001B8E1F96CC0>]}
[0m14:52:01.632415 [debug] [MainThread]: Flushing usage events
[0m14:52:07.016831 [debug] [MainThread]: An error was encountered while trying to flush usage events
[0m14:53:09.943614 [debug] [MainThread]: Sending event: {'category': 'dbt', 'action': 'invocation', 'label': 'start', 'context': [<snowplow_tracker.self_describing_json.SelfDescribingJson object at 0x0000021E27889B80>, <snowplow_tracker.self_describing_json.SelfDescribingJson object at 0x0000021E25DFE030>, <snowplow_tracker.self_describing_json.SelfDescribingJson object at 0x0000021E25DFDE80>]}


============================== 14:53:09.951346 | f8dce1cc-fecc-46e5-96e4-0eef93192dc4 ==============================
[0m14:53:09.951346 [info ] [MainThread]: Running with dbt=1.12.2
[0m14:53:09.951853 [debug] [MainThread]: running dbt with arguments {'static_parser': 'True', 'no_print': 'None', 'maximum_seed_size_mib': '1', 'target_path': 'None', 'version_check': 'True', 'warn_error_options': 'WarnErrorOptionsV2(error=[], warn=[], silence=[])', 'printer_width': '80', 'write_json': 'True', 'empty': 'None', 'log_cache_events': 'False', 'introspect': 'True', 'cache_selected_only': 'False', 'fail_fast': 'False', 'debug': 'False', 'log_format': 'default', 'partial_parse': 'True', 'send_anonymous_usage_stats': 'True', 'quiet': 'False', 'warn_error': 'None', 'profiles_dir': 'C:\\Users\\Shree\\.dbt', 'indirect_selection': 'eager', 'hints_enabled': 'True', 'invocation_command': 'dbt debug', 'use_experimental_parser': 'False', 'use_colors': 'True', 'log_path': 'logs'}
[0m14:53:09.975367 [info ] [MainThread]: dbt version: 1.12.2
[0m14:53:09.975677 [info ] [MainThread]: python version: 3.12.10
[0m14:53:09.976688 [info ] [MainThread]: python path: C:\Users\Shree\AppData\Local\Programs\Python\Python312\python.exe
[0m14:53:09.976688 [info ] [MainThread]: os info: Windows-11-10.0.22621-SP0
[0m14:53:11.247556 [info ] [MainThread]: Using profiles dir at C:\Users\Shree\.dbt
[0m14:53:11.247556 [info ] [MainThread]: Using profiles.yml file at C:\Users\Shree\.dbt\profiles.yml
[0m14:53:11.247556 [info ] [MainThread]: Using dbt_project.yml file at C:\Users\Shree\OneDrive\Desktop\Infotact_18\CareFlow_final\dbt_project.yml
[0m14:53:11.247556 [info ] [MainThread]: adapter type: bigquery
[0m14:53:11.247556 [info ] [MainThread]: adapter version: 1.12.0
[0m14:53:11.262070 [info ] [MainThread]: Configuration:
[0m14:53:11.262070 [info ] [MainThread]:   profiles.yml file [[32mOK found and valid[0m]
[0m14:53:11.262070 [info ] [MainThread]:   dbt_project.yml file [[31mERROR not found[0m]
[0m14:53:11.262070 [info ] [MainThread]: Required dependencies:
[0m14:53:11.262070 [debug] [MainThread]: Executing "git --help"
[0m14:53:11.383638 [debug] [MainThread]: STDOUT: "b"usage: git [-v | --version] [-h | --help] [-C <path>] [-c <name>=<value>]\n           [--exec-path[=<path>]] [--html-path] [--man-path] [--info-path]\n           [-p | --paginate | -P | --no-pager] [--no-replace-objects] [--no-lazy-fetch]\n           [--no-optional-locks] [--no-advice] [--bare] [--git-dir=<path>]\n           [--work-tree=<path>] [--namespace=<name>] [--config-env=<name>=<envvar>]\n           <command> [<args>]\n\nThese are common Git commands used in various situations:\n\nstart a working area (see also: git help tutorial)\n   clone      Clone a repository into a new directory\n   init       Create an empty Git repository or reinitialize an existing one\n\nwork on the current change (see also: git help everyday)\n   add        Add file contents to the index\n   mv         Move or rename a file, a directory, or a symlink\n   restore    Restore working tree files\n   rm         Remove files from the working tree and from the index\n\nexamine the history and state (see also: git help revisions)\n   bisect     Use binary search to find the commit that introduced a bug\n   diff       Show changes between commits, commit and working tree, etc\n   grep       Print lines matching a pattern\n   log        Show commit logs\n   show       Show various types of objects\n   status     Show the working tree status\n\ngrow, mark and tweak your common history\n   backfill   Download missing objects in a partial clone\n   branch     List, create, or delete branches\n   commit     Record changes to the repository\n   history    EXPERIMENTAL: Rewrite history\n   merge      Join two or more development histories together\n   rebase     Reapply commits on top of another base tip\n   reset      Set `HEAD` or the index to a known state\n   switch     Switch branches\n   tag        Create, list, delete or verify tags\n\ncollaborate (see also: git help workflows)\n   fetch      Download objects and refs from another repository\n   pull       Fetch from and integrate with another repository or a local branch\n   push       Update remote refs along with associated objects\n\n'git help -a' and 'git help -g' list available subcommands and some\nconcept guides. See 'git help <command>' or 'git help <concept>'\nto read about a specific subcommand or concept.\nSee 'git help git' for an overview of the system.\n""
[0m14:53:11.383638 [debug] [MainThread]: STDERR: "b''"
[0m14:53:11.383638 [info ] [MainThread]:  - git [[32mOK found[0m]

[0m14:53:11.391574 [info ] [MainThread]: Connection:
[0m14:53:11.391574 [info ] [MainThread]:   method: oauth
[0m14:53:11.391574 [info ] [MainThread]:   database: careflow-process-mining
[0m14:53:11.391574 [info ] [MainThread]:   execution_project: careflow-process-mining
[0m14:53:11.391574 [info ] [MainThread]:   schema: careflow_staging
[0m14:53:11.391574 [info ] [MainThread]:   location: US
[0m14:53:11.391574 [info ] [MainThread]:   priority: interactive
[0m14:53:11.391574 [info ] [MainThread]:   maximum_bytes_billed: None
[0m14:53:11.391574 [info ] [MainThread]:   reservation: None
[0m14:53:11.391574 [info ] [MainThread]:   impersonate_service_account: None
[0m14:53:11.391574 [info ] [MainThread]:   job_retry_deadline_seconds: None
[0m14:53:11.397866 [info ] [MainThread]:   job_retries: 1
[0m14:53:11.398875 [info ] [MainThread]:   job_creation_timeout_seconds: None
[0m14:53:11.399793 [info ] [MainThread]:   job_execution_timeout_seconds: 300
[0m14:53:11.399793 [info ] [MainThread]:   job_link_info_level_log: False
[0m14:53:11.400819 [info ] [MainThread]:   timeout_seconds: 300
[0m14:53:11.400819 [info ] [MainThread]:   client_id: None
[0m14:53:11.401819 [info ] [MainThread]:   token_uri: None
[0m14:53:11.401819 [info ] [MainThread]:   compute_region: None
[0m14:53:11.402818 [info ] [MainThread]:   dataproc_cluster_name: None
[0m14:53:11.402818 [info ] [MainThread]:   gcs_bucket: None
[0m14:53:11.402818 [info ] [MainThread]:   dataproc_batch: None
[0m14:53:11.403818 [info ] [MainThread]: Registered adapter: bigquery=1.12.0
[0m14:53:11.782716 [debug] [MainThread]: Acquiring new bigquery connection 'debug'
[0m14:53:11.782716 [debug] [MainThread]: On debug: select 1 as id
[0m14:53:11.782716 [debug] [MainThread]: Opening a new connection, currently in state init
[0m14:53:23.930639 [debug] [MainThread]: BigQuery adapter: Got an error when attempting to create a bigquery " "client: 'Runtime Error
  Failed to authenticate with supplied credentials
  error:
  Your default credentials were not found. To set up Application Default Credentials, see https://cloud.google.com/docs/authentication/external/set-up-adc for more information.'
[0m14:53:23.930639 [debug] [MainThread]: BigQuery adapter: Unhandled error while running:
select 1 as id
[0m14:53:23.930639 [debug] [MainThread]: BigQuery adapter: Database Error
  Runtime Error
    Failed to authenticate with supplied credentials
    error:
    Your default credentials were not found. To set up Application Default Credentials, see https://cloud.google.com/docs/authentication/external/set-up-adc for more information.
[0m14:53:23.930639 [info ] [MainThread]:   Connection test: [[31mERROR[0m]

[0m14:53:23.930639 [info ] [MainThread]: [31m2 checks failed:[0m
[0m14:53:23.930639 [info ] [MainThread]: Project loading failed for the following reason:
 project path <C:\Users\Shree\OneDrive\Desktop\Infotact_18\CareFlow_final\dbt_project.yml> not found

[0m14:53:23.930639 [info ] [MainThread]: dbt was unable to connect to the specified database.
The database returned the following error:

  >'NoneType' object has no attribute 'close'

Check your database credentials and try again. For more information, visit:
https://docs.getdbt.com/docs/configure-your-profile


[0m14:53:23.930639 [debug] [MainThread]: Command `dbt debug` failed at 14:53:23.930639 after 14.21 seconds
[0m14:53:23.930639 [debug] [MainThread]: Sending event: {'category': 'dbt', 'action': 'invocation', 'label': 'end', 'context': [<snowplow_tracker.self_describing_json.SelfDescribingJson object at 0x0000021E25F524E0>, <snowplow_tracker.self_describing_json.SelfDescribingJson object at 0x0000021E30EE7050>, <snowplow_tracker.self_describing_json.SelfDescribingJson object at 0x0000021E30CD3F80>]}
[0m14:53:23.930639 [debug] [MainThread]: Flushing usage events
[0m14:53:25.381683 [debug] [MainThread]: An error was encountered while trying to flush usage events
[0m14:55:09.710451 [debug] [MainThread]: Sending event: {'category': 'dbt', 'action': 'invocation', 'label': 'start', 'context': [<snowplow_tracker.self_describing_json.SelfDescribingJson object at 0x0000024C7DF8EB10>, <snowplow_tracker.self_describing_json.SelfDescribingJson object at 0x0000024C7FBE4380>, <snowplow_tracker.self_describing_json.SelfDescribingJson object at 0x0000024C7DFECEC0>]}


============================== 14:55:09.718785 | 274a5294-00d9-4200-b8a0-2b15517423ae ==============================
[0m14:55:09.718785 [info ] [MainThread]: Running with dbt=1.12.2
[0m14:55:09.719798 [debug] [MainThread]: running dbt with arguments {'static_parser': 'True', 'no_print': 'None', 'maximum_seed_size_mib': '1', 'warn_error_options': 'WarnErrorOptionsV2(error=[], warn=[], silence=[])', 'target_path': 'None', 'version_check': 'True', 'printer_width': '80', 'write_json': 'True', 'introspect': 'True', 'log_cache_events': 'False', 'empty': 'None', 'cache_selected_only': 'False', 'log_format': 'default', 'debug': 'False', 'fail_fast': 'False', 'profiles_dir': 'C:\\Users\\Shree\\.dbt', 'send_anonymous_usage_stats': 'True', 'quiet': 'False', 'warn_error': 'None', 'partial_parse': 'True', 'invocation_command': 'dbt debug', 'hints_enabled': 'True', 'use_colors': 'True', 'use_experimental_parser': 'False', 'indirect_selection': 'eager', 'log_path': 'logs'}
[0m14:55:09.751387 [info ] [MainThread]: dbt version: 1.12.2
[0m14:55:09.755354 [info ] [MainThread]: python version: 3.12.10
[0m14:55:09.755354 [info ] [MainThread]: python path: C:\Users\Shree\AppData\Local\Programs\Python\Python312\python.exe
[0m14:55:09.755354 [info ] [MainThread]: os info: Windows-11-10.0.22621-SP0
[0m14:55:11.468283 [info ] [MainThread]: Using profiles dir at C:\Users\Shree\.dbt
[0m14:55:11.469285 [info ] [MainThread]: Using profiles.yml file at C:\Users\Shree\.dbt\profiles.yml
[0m14:55:11.470265 [info ] [MainThread]: Using dbt_project.yml file at C:\Users\Shree\OneDrive\Desktop\Infotact_18\CareFlow_final\dbt_project.yml
[0m14:55:11.470265 [info ] [MainThread]: adapter type: bigquery
[0m14:55:11.471267 [info ] [MainThread]: adapter version: 1.12.0
[0m14:55:11.472268 [info ] [MainThread]: Configuration:
[0m14:55:11.473270 [info ] [MainThread]:   profiles.yml file [[32mOK found and valid[0m]
[0m14:55:11.474267 [info ] [MainThread]:   dbt_project.yml file [[31mERROR not found[0m]
[0m14:55:11.476269 [info ] [MainThread]: Required dependencies:
[0m14:55:11.478765 [debug] [MainThread]: Executing "git --help"
[0m14:55:11.573782 [debug] [MainThread]: STDOUT: "b"usage: git [-v | --version] [-h | --help] [-C <path>] [-c <name>=<value>]\n           [--exec-path[=<path>]] [--html-path] [--man-path] [--info-path]\n           [-p | --paginate | -P | --no-pager] [--no-replace-objects] [--no-lazy-fetch]\n           [--no-optional-locks] [--no-advice] [--bare] [--git-dir=<path>]\n           [--work-tree=<path>] [--namespace=<name>] [--config-env=<name>=<envvar>]\n           <command> [<args>]\n\nThese are common Git commands used in various situations:\n\nstart a working area (see also: git help tutorial)\n   clone      Clone a repository into a new directory\n   init       Create an empty Git repository or reinitialize an existing one\n\nwork on the current change (see also: git help everyday)\n   add        Add file contents to the index\n   mv         Move or rename a file, a directory, or a symlink\n   restore    Restore working tree files\n   rm         Remove files from the working tree and from the index\n\nexamine the history and state (see also: git help revisions)\n   bisect     Use binary search to find the commit that introduced a bug\n   diff       Show changes between commits, commit and working tree, etc\n   grep       Print lines matching a pattern\n   log        Show commit logs\n   show       Show various types of objects\n   status     Show the working tree status\n\ngrow, mark and tweak your common history\n   backfill   Download missing objects in a partial clone\n   branch     List, create, or delete branches\n   commit     Record changes to the repository\n   history    EXPERIMENTAL: Rewrite history\n   merge      Join two or more development histories together\n   rebase     Reapply commits on top of another base tip\n   reset      Set `HEAD` or the index to a known state\n   switch     Switch branches\n   tag        Create, list, delete or verify tags\n\ncollaborate (see also: git help workflows)\n   fetch      Download objects and refs from another repository\n   pull       Fetch from and integrate with another repository or a local branch\n   push       Update remote refs along with associated objects\n\n'git help -a' and 'git help -g' list available subcommands and some\nconcept guides. See 'git help <command>' or 'git help <concept>'\nto read about a specific subcommand or concept.\nSee 'git help git' for an overview of the system.\n""
[0m14:55:11.573782 [debug] [MainThread]: STDERR: "b''"
[0m14:55:11.573782 [info ] [MainThread]:  - git [[32mOK found[0m]

[0m14:55:11.573782 [info ] [MainThread]: Connection:
[0m14:55:11.578794 [info ] [MainThread]:   method: oauth
[0m14:55:11.578794 [info ] [MainThread]:   database: careflow-process-mining
[0m14:55:11.581383 [info ] [MainThread]:   execution_project: careflow-process-mining
[0m14:55:11.581383 [info ] [MainThread]:   schema: careflow_staging
[0m14:55:11.581383 [info ] [MainThread]:   location: US
[0m14:55:11.584476 [info ] [MainThread]:   priority: interactive
[0m14:55:11.585977 [info ] [MainThread]:   maximum_bytes_billed: None
[0m14:55:11.585977 [info ] [MainThread]:   reservation: None
[0m14:55:11.589854 [info ] [MainThread]:   impersonate_service_account: None
[0m14:55:11.659683 [info ] [MainThread]:   job_retry_deadline_seconds: None
[0m14:55:11.715335 [info ] [MainThread]:   job_retries: 1
[0m14:55:11.731211 [info ] [MainThread]:   job_creation_timeout_seconds: None
[0m14:55:11.738476 [info ] [MainThread]:   job_execution_timeout_seconds: 300
[0m14:55:11.769139 [info ] [MainThread]:   job_link_info_level_log: False
[0m14:55:11.777534 [info ] [MainThread]:   timeout_seconds: 300
[0m14:55:11.780660 [info ] [MainThread]:   client_id: None
[0m14:55:11.792572 [info ] [MainThread]:   token_uri: None
[0m14:55:11.795864 [info ] [MainThread]:   compute_region: None
[0m14:55:11.797235 [info ] [MainThread]:   dataproc_cluster_name: None
[0m14:55:11.821223 [info ] [MainThread]:   gcs_bucket: None
[0m14:55:11.824519 [info ] [MainThread]:   dataproc_batch: None
[0m14:55:11.825574 [info ] [MainThread]: Registered adapter: bigquery=1.12.0
[0m14:55:12.634067 [debug] [MainThread]: Acquiring new bigquery connection 'debug'
[0m14:55:12.640230 [debug] [MainThread]: On debug: select 1 as id
[0m14:55:12.640230 [debug] [MainThread]: Opening a new connection, currently in state init
[0m14:55:24.548981 [debug] [MainThread]: BigQuery adapter: Got an error when attempting to create a bigquery " "client: 'Runtime Error
  Failed to authenticate with supplied credentials
  error:
  Your default credentials were not found. To set up Application Default Credentials, see https://cloud.google.com/docs/authentication/external/set-up-adc for more information.'
[0m14:55:24.549680 [debug] [MainThread]: BigQuery adapter: Unhandled error while running:
select 1 as id
[0m14:55:24.550503 [debug] [MainThread]: BigQuery adapter: Database Error
  Runtime Error
    Failed to authenticate with supplied credentials
    error:
    Your default credentials were not found. To set up Application Default Credentials, see https://cloud.google.com/docs/authentication/external/set-up-adc for more information.
[0m14:55:24.550503 [info ] [MainThread]:   Connection test: [[31mERROR[0m]

[0m14:55:24.550503 [info ] [MainThread]: [31m2 checks failed:[0m
[0m14:55:24.550503 [info ] [MainThread]: Project loading failed for the following reason:
 project path <C:\Users\Shree\OneDrive\Desktop\Infotact_18\CareFlow_final\dbt_project.yml> not found

[0m14:55:24.552710 [info ] [MainThread]: dbt was unable to connect to the specified database.
The database returned the following error:

  >'NoneType' object has no attribute 'close'

Check your database credentials and try again. For more information, visit:
https://docs.getdbt.com/docs/configure-your-profile


[0m14:55:24.553337 [debug] [MainThread]: Command `dbt debug` failed at 14:55:24.553337 after 15.11 seconds
[0m14:55:24.553337 [debug] [MainThread]: Sending event: {'category': 'dbt', 'action': 'invocation', 'label': 'end', 'context': [<snowplow_tracker.self_describing_json.SelfDescribingJson object at 0x0000024C7EA81310>, <snowplow_tracker.self_describing_json.SelfDescribingJson object at 0x0000024C7FDEC3B0>, <snowplow_tracker.self_describing_json.SelfDescribingJson object at 0x0000024C0A16F9B0>]}
[0m14:55:24.553337 [debug] [MainThread]: Flushing usage events
[0m14:55:26.161108 [debug] [MainThread]: An error was encountered while trying to flush usage events
